root@linuxtips-server:~# pwd
/root
root@linuxtips-server:~# git clone https://github.com/badtuxx/giropops-senhas.git
Cloning into 'giropops-senhas'...
remote: Enumerating objects: 18, done.
remote: Counting objects: 100% (18/18), done.
remote: Compressing objects: 100% (15/15), done.
remote: Total 18 (delta 1), reused 15 (delta 1), pack-reused 0
Unpacking objects: 100% (18/18), 107.99 KiB | 4.32 MiB/s, done.
root@linuxtips-server:~# cd giropops-senhas/
root@linuxtips-server:~/giropops-senhas# ls
LICENSE  app.py  requirements.txt  static  tailwind.config.js  templates
root@linuxtips-server:~/giropops-senhas# apt-get update
Hit:1 http://europe-west1.gce.archive.ubuntu.com/ubuntu focal InRelease
Get:2 http://europe-west1.gce.archive.ubuntu.com/ubuntu focal-updates InRelease [114 kB] 
Get:3 http://europe-west1.gce.archive.ubuntu.com/ubuntu focal-backports InRelease [108 kB]
Get:4 https://download.docker.com/linux/ubuntu focal InRelease [57.7 kB]                               
Get:5 http://europe-west1.gce.archive.ubuntu.com/ubuntu focal-updates/main amd64 Packages [2959 kB]    
Get:6 http://security.ubuntu.com/ubuntu focal-security InRelease [114 kB]
Get:7 http://europe-west1.gce.archive.ubuntu.com/ubuntu focal-updates/main Translation-en [481 kB]
Get:8 http://europe-west1.gce.archive.ubuntu.com/ubuntu focal-updates/restricted amd64 Packages [2479 kB]
Get:9 http://europe-west1.gce.archive.ubuntu.com/ubuntu focal-updates/restricted Translation-en [346 kB]
Get:10 http://europe-west1.gce.archive.ubuntu.com/ubuntu focal-updates/universe amd64 Packages [1129 kB]
Get:11 http://europe-west1.gce.archive.ubuntu.com/ubuntu focal-updates/universe Translation-en [270 kB]
Get:12 http://europe-west1.gce.archive.ubuntu.com/ubuntu focal-updates/multiverse amd64 Packages [25.8 kB]
Get:13 http://europe-west1.gce.archive.ubuntu.com/ubuntu focal-updates/multiverse Translation-en [7484 B]
Get:14 http://europe-west1.gce.archive.ubuntu.com/ubuntu focal-backports/main amd64 Packages [45.7 kB]
Get:15 http://europe-west1.gce.archive.ubuntu.com/ubuntu focal-backports/main Translation-en [16.3 kB]
Get:16 http://europe-west1.gce.archive.ubuntu.com/ubuntu focal-backports/universe amd64 Packages [25.0 kB]
Get:17 http://europe-west1.gce.archive.ubuntu.com/ubuntu focal-backports/universe Translation-en [16.3 kB]
Get:18 https://download.docker.com/linux/ubuntu focal/stable amd64 Packages [33.7 kB]
Get:19 http://security.ubuntu.com/ubuntu focal-security/main amd64 Packages [2569 kB]       
Get:20 http://security.ubuntu.com/ubuntu focal-security/main Translation-en [398 kB]
Get:21 http://security.ubuntu.com/ubuntu focal-security/restricted amd64 Packages [2367 kB]
Get:22 http://security.ubuntu.com/ubuntu focal-security/restricted Translation-en [329 kB]
Get:23 http://security.ubuntu.com/ubuntu focal-security/universe amd64 Packages [898 kB]
Get:24 http://security.ubuntu.com/ubuntu focal-security/universe Translation-en [188 kB]
Get:25 http://security.ubuntu.com/ubuntu focal-security/multiverse amd64 Packages [23.6 kB]
Get:26 http://security.ubuntu.com/ubuntu focal-security/multiverse Translation-en [5504 B]
Fetched 15.0 MB in 2s (7267 kB/s)                            
Reading package lists... Done
root@linuxtips-server:~/giropops-senhas# apt-get install pip
Reading package lists... Done
Building dependency tree       
Reading state information... Done
Note, selecting 'python3-pip' instead of 'pip'
The following additional packages will be installed:
  binutils binutils-common binutils-x86-64-linux-gnu build-essential cpp cpp-9 dpkg-dev fakeroot g++
  g++-9 gcc gcc-10-base gcc-9 gcc-9-base libalgorithm-diff-perl libalgorithm-diff-xs-perl
  libalgorithm-merge-perl libasan5 libatomic1 libbinutils libc-dev-bin libc6 libc6-dev libcc1-0
  libcrypt-dev libctf-nobfd0 libctf0 libdpkg-perl libexpat1 libexpat1-dev libfakeroot
  libfile-fcntllock-perl libgcc-9-dev libgcc-s1 libgomp1 libisl22 libitm1 liblsan0 libmpc3
  libpython3-dev libpython3.8 libpython3.8-dev libpython3.8-minimal libpython3.8-stdlib libquadmath0
  libstdc++-9-dev libstdc++6 libtsan0 libubsan1 linux-libc-dev make manpages manpages-dev
  python-pip-whl python3-dev python3-wheel python3.8 python3.8-dev python3.8-minimal zlib1g zlib1g-dev
Suggested packages:
  binutils-doc cpp-doc gcc-9-locales debian-keyring g++-multilib g++-9-multilib gcc-9-doc gcc-multilib
  autoconf automake libtool flex bison gdb gcc-doc gcc-9-multilib glibc-doc locales bzr
  libstdc++-9-doc make-doc man-browser python3.8-venv python3.8-doc binfmt-support
The following NEW packages will be installed:
  binutils binutils-common binutils-x86-64-linux-gnu build-essential cpp cpp-9 dpkg-dev fakeroot g++
  g++-9 gcc gcc-9 gcc-9-base libalgorithm-diff-perl libalgorithm-diff-xs-perl libalgorithm-merge-perl
  libasan5 libatomic1 libbinutils libc-dev-bin libc6-dev libcc1-0 libcrypt-dev libctf-nobfd0 libctf0
  libdpkg-perl libexpat1-dev libfakeroot libfile-fcntllock-perl libgcc-9-dev libgomp1 libisl22 libitm1
  liblsan0 libmpc3 libpython3-dev libpython3.8 libpython3.8-dev libquadmath0 libstdc++-9-dev libtsan0
  libubsan1 linux-libc-dev make manpages manpages-dev python-pip-whl python3-dev python3-pip
  python3-wheel python3.8-dev zlib1g-dev
The following packages will be upgraded:
  gcc-10-base libc6 libexpat1 libgcc-s1 libpython3.8-minimal libpython3.8-stdlib libstdc++6 python3.8
  python3.8-minimal zlib1g
10 upgraded, 52 newly installed, 0 to remove and 194 not upgraded.
Need to get 63.3 MB of archives.
After this operation, 235 MB of additional disk space will be used.
Do you want to continue? [Y/n] y
Get:1 http://europe-west1.gce.archive.ubuntu.com/ubuntu focal-updates/main amd64 gcc-10-base amd64 10.5.0-1ubuntu1~20.04 [20.8 kB]
Get:2 http://europe-west1.gce.archive.ubuntu.com/ubuntu focal-updates/main amd64 libgcc-s1 amd64 10.5.0-1ubuntu1~20.04 [41.8 kB]
Get:3 http://europe-west1.gce.archive.ubuntu.com/ubuntu focal-updates/main amd64 libstdc++6 amd64 10.5.0-1ubuntu1~20.04 [501 kB]
Get:4 http://europe-west1.gce.archive.ubuntu.com/ubuntu focal-updates/main amd64 libc6 amd64 2.31-0ubuntu9.12 [2722 kB]
Get:5 http://europe-west1.gce.archive.ubuntu.com/ubuntu focal-updates/main amd64 python3.8 amd64 3.8.10-0ubuntu1~20.04.8 [387 kB]
Get:6 http://europe-west1.gce.archive.ubuntu.com/ubuntu focal-updates/main amd64 libpython3.8-stdlib amd64 3.8.10-0ubuntu1~20.04.8 [1675 kB]
Get:7 http://europe-west1.gce.archive.ubuntu.com/ubuntu focal-updates/main amd64 python3.8-minimal amd64 3.8.10-0ubuntu1~20.04.8 [1902 kB]
Get:8 http://europe-west1.gce.archive.ubuntu.com/ubuntu focal-updates/main amd64 libpython3.8-minimal amd64 3.8.10-0ubuntu1~20.04.8 [717 kB]
Get:9 http://europe-west1.gce.archive.ubuntu.com/ubuntu focal-updates/main amd64 libexpat1 amd64 2.2.9-1ubuntu0.6 [74.6 kB]
Get:10 http://europe-west1.gce.archive.ubuntu.com/ubuntu focal-updates/main amd64 zlib1g amd64 1:1.2.11.dfsg-2ubuntu1.5 [54.2 kB]
Get:11 http://europe-west1.gce.archive.ubuntu.com/ubuntu focal/main amd64 manpages all 5.05-1 [1314 kB]
Get:12 http://europe-west1.gce.archive.ubuntu.com/ubuntu focal-updates/main amd64 binutils-common amd64 2.34-6ubuntu1.6 [207 kB]
Get:13 http://europe-west1.gce.archive.ubuntu.com/ubuntu focal-updates/main amd64 libbinutils amd64 2.34-6ubuntu1.6 [473 kB]
Get:14 http://europe-west1.gce.archive.ubuntu.com/ubuntu focal-updates/main amd64 libctf-nobfd0 amd64 2.34-6ubuntu1.6 [47.4 kB]
Get:15 http://europe-west1.gce.archive.ubuntu.com/ubuntu focal-updates/main amd64 libctf0 amd64 2.34-6ubuntu1.6 [46.6 kB]
Get:16 http://europe-west1.gce.archive.ubuntu.com/ubuntu focal-updates/main amd64 binutils-x86-64-linux-gnu amd64 2.34-6ubuntu1.6 [1613 kB]
Get:17 http://europe-west1.gce.archive.ubuntu.com/ubuntu focal-updates/main amd64 binutils amd64 2.34-6ubuntu1.6 [3376 B]
Get:18 http://europe-west1.gce.archive.ubuntu.com/ubuntu focal-updates/main amd64 libc-dev-bin amd64 2.31-0ubuntu9.12 [71.6 kB]
Get:19 http://europe-west1.gce.archive.ubuntu.com/ubuntu focal-updates/main amd64 linux-libc-dev amd64 5.4.0-166.183 [1121 kB]
Get:20 http://europe-west1.gce.archive.ubuntu.com/ubuntu focal/main amd64 libcrypt-dev amd64 1:4.4.10-10ubuntu4 [104 kB]
Get:21 http://europe-west1.gce.archive.ubuntu.com/ubuntu focal-updates/main amd64 libc6-dev amd64 2.31-0ubuntu9.12 [2519 kB]
Get:22 http://europe-west1.gce.archive.ubuntu.com/ubuntu focal-updates/main amd64 gcc-9-base amd64 9.4.0-1ubuntu1~20.04.2 [18.9 kB]
Get:23 http://europe-west1.gce.archive.ubuntu.com/ubuntu focal/main amd64 libisl22 amd64 0.22.1-1 [592 kB]
Get:24 http://europe-west1.gce.archive.ubuntu.com/ubuntu focal/main amd64 libmpc3 amd64 1.1.0-1 [40.8 kB]
Get:25 http://europe-west1.gce.archive.ubuntu.com/ubuntu focal-updates/main amd64 cpp-9 amd64 9.4.0-1ubuntu1~20.04.2 [7502 kB]
Get:26 http://europe-west1.gce.archive.ubuntu.com/ubuntu focal/main amd64 cpp amd64 4:9.3.0-1ubuntu2 [27.6 kB]
Get:27 http://europe-west1.gce.archive.ubuntu.com/ubuntu focal-updates/main amd64 libcc1-0 amd64 10.5.0-1ubuntu1~20.04 [48.8 kB]
Get:28 http://europe-west1.gce.archive.ubuntu.com/ubuntu focal-updates/main amd64 libgomp1 amd64 10.5.0-1ubuntu1~20.04 [102 kB]
Get:29 http://europe-west1.gce.archive.ubuntu.com/ubuntu focal-updates/main amd64 libitm1 amd64 10.5.0-1ubuntu1~20.04 [26.2 kB]
Get:30 http://europe-west1.gce.archive.ubuntu.com/ubuntu focal-updates/main amd64 libatomic1 amd64 10.5.0-1ubuntu1~20.04 [9284 B]
Get:31 http://europe-west1.gce.archive.ubuntu.com/ubuntu focal-updates/main amd64 libasan5 amd64 9.4.0-1ubuntu1~20.04.2 [2752 kB]
Get:32 http://europe-west1.gce.archive.ubuntu.com/ubuntu focal-updates/main amd64 liblsan0 amd64 10.5.0-1ubuntu1~20.04 [835 kB]
Get:33 http://europe-west1.gce.archive.ubuntu.com/ubuntu focal-updates/main amd64 libtsan0 amd64 10.5.0-1ubuntu1~20.04 [2016 kB]
Get:34 http://europe-west1.gce.archive.ubuntu.com/ubuntu focal-updates/main amd64 libubsan1 amd64 10.5.0-1ubuntu1~20.04 [785 kB]
Get:35 http://europe-west1.gce.archive.ubuntu.com/ubuntu focal-updates/main amd64 libquadmath0 amd64 10.5.0-1ubuntu1~20.04 [146 kB]
Get:36 http://europe-west1.gce.archive.ubuntu.com/ubuntu focal-updates/main amd64 libgcc-9-dev amd64 9.4.0-1ubuntu1~20.04.2 [2359 kB]
Get:37 http://europe-west1.gce.archive.ubuntu.com/ubuntu focal-updates/main amd64 gcc-9 amd64 9.4.0-1ubuntu1~20.04.2 [8276 kB]
Get:38 http://europe-west1.gce.archive.ubuntu.com/ubuntu focal/main amd64 gcc amd64 4:9.3.0-1ubuntu2 [5208 B]
Get:39 http://europe-west1.gce.archive.ubuntu.com/ubuntu focal-updates/main amd64 libstdc++-9-dev amd64 9.4.0-1ubuntu1~20.04.2 [1722 kB]
Get:40 http://europe-west1.gce.archive.ubuntu.com/ubuntu focal-updates/main amd64 g++-9 amd64 9.4.0-1ubuntu1~20.04.2 [8421 kB]
Get:41 http://europe-west1.gce.archive.ubuntu.com/ubuntu focal/main amd64 g++ amd64 4:9.3.0-1ubuntu2 [1604 B]
Get:42 http://europe-west1.gce.archive.ubuntu.com/ubuntu focal/main amd64 make amd64 4.2.1-1.2 [162 kB]
Get:43 http://europe-west1.gce.archive.ubuntu.com/ubuntu focal-updates/main amd64 libdpkg-perl all 1.19.7ubuntu3.2 [231 kB]
Get:44 http://europe-west1.gce.archive.ubuntu.com/ubuntu focal-updates/main amd64 dpkg-dev all 1.19.7ubuntu3.2 [679 kB]
Get:45 http://europe-west1.gce.archive.ubuntu.com/ubuntu focal-updates/main amd64 build-essential amd64 12.8ubuntu1.1 [4664 B]
Get:46 http://europe-west1.gce.archive.ubuntu.com/ubuntu focal/main amd64 libfakeroot amd64 1.24-1 [25.7 kB]
Get:47 http://europe-west1.gce.archive.ubuntu.com/ubuntu focal/main amd64 fakeroot amd64 1.24-1 [62.6 kB]
Get:48 http://europe-west1.gce.archive.ubuntu.com/ubuntu focal/main amd64 libalgorithm-diff-perl all 1.19.03-2 [46.6 kB]
Get:49 http://europe-west1.gce.archive.ubuntu.com/ubuntu focal/main amd64 libalgorithm-diff-xs-perl amd64 0.04-6 [11.3 kB]
Get:50 http://europe-west1.gce.archive.ubuntu.com/ubuntu focal/main amd64 libalgorithm-merge-perl all 0.08-3 [12.0 kB]
Get:51 http://europe-west1.gce.archive.ubuntu.com/ubuntu focal-updates/main amd64 libexpat1-dev amd64 2.2.9-1ubuntu0.6 [116 kB]
Get:52 http://europe-west1.gce.archive.ubuntu.com/ubuntu focal/main amd64 libfile-fcntllock-perl amd64 0.22-3build4 [33.1 kB]
Get:53 http://europe-west1.gce.archive.ubuntu.com/ubuntu focal-updates/main amd64 libpython3.8 amd64 3.8.10-0ubuntu1~20.04.8 [1625 kB]
Get:54 http://europe-west1.gce.archive.ubuntu.com/ubuntu focal-updates/main amd64 libpython3.8-dev amd64 3.8.10-0ubuntu1~20.04.8 [3950 kB]
Get:55 http://europe-west1.gce.archive.ubuntu.com/ubuntu focal/main amd64 libpython3-dev amd64 3.8.2-0ubuntu2 [7236 B]
Get:56 http://europe-west1.gce.archive.ubuntu.com/ubuntu focal/main amd64 manpages-dev all 5.05-1 [2266 kB]
Get:57 http://europe-west1.gce.archive.ubuntu.com/ubuntu focal-updates/universe amd64 python-pip-whl all 20.0.2-5ubuntu1.9 [1805 kB]
Get:58 http://europe-west1.gce.archive.ubuntu.com/ubuntu focal-updates/main amd64 zlib1g-dev amd64 1:1.2.11.dfsg-2ubuntu1.5 [155 kB]
Get:59 http://europe-west1.gce.archive.ubuntu.com/ubuntu focal-updates/main amd64 python3.8-dev amd64 3.8.10-0ubuntu1~20.04.8 [514 kB]
Get:60 http://europe-west1.gce.archive.ubuntu.com/ubuntu focal/main amd64 python3-dev amd64 3.8.2-0ubuntu2 [1212 B]
Get:61 http://europe-west1.gce.archive.ubuntu.com/ubuntu focal-updates/universe amd64 python3-wheel all 0.34.2-1ubuntu0.1 [23.9 kB]
Get:62 http://europe-west1.gce.archive.ubuntu.com/ubuntu focal-updates/universe amd64 python3-pip all 20.0.2-5ubuntu1.9 [231 kB]
Fetched 63.3 MB in 1s (65.1 MB/s)      
debconf: delaying package configuration, since apt-utils is not installed
(Reading database ... 52490 files and directories currently installed.)
Preparing to unpack .../gcc-10-base_10.5.0-1ubuntu1~20.04_amd64.deb ...
Unpacking gcc-10-base:amd64 (10.5.0-1ubuntu1~20.04) over (10.3.0-1ubuntu1~20.04) ...
Setting up gcc-10-base:amd64 (10.5.0-1ubuntu1~20.04) ...
(Reading database ... 52490 files and directories currently installed.)
Preparing to unpack .../libgcc-s1_10.5.0-1ubuntu1~20.04_amd64.deb ...
Unpacking libgcc-s1:amd64 (10.5.0-1ubuntu1~20.04) over (10.3.0-1ubuntu1~20.04) ...
Setting up libgcc-s1:amd64 (10.5.0-1ubuntu1~20.04) ...
(Reading database ... 52490 files and directories currently installed.)
Preparing to unpack .../libstdc++6_10.5.0-1ubuntu1~20.04_amd64.deb ...
Unpacking libstdc++6:amd64 (10.5.0-1ubuntu1~20.04) over (10.3.0-1ubuntu1~20.04) ...
Setting up libstdc++6:amd64 (10.5.0-1ubuntu1~20.04) ...
(Reading database ... 52490 files and directories currently installed.)
Preparing to unpack .../libc6_2.31-0ubuntu9.12_amd64.deb ...
Unpacking libc6:amd64 (2.31-0ubuntu9.12) over (2.31-0ubuntu9.2) ...
Setting up libc6:amd64 (2.31-0ubuntu9.12) ...
(Reading database ... 52490 files and directories currently installed.)
Preparing to unpack .../0-python3.8_3.8.10-0ubuntu1~20.04.8_amd64.deb ...
Unpacking python3.8 (3.8.10-0ubuntu1~20.04.8) over (3.8.10-0ubuntu1~20.04.2) ...
Preparing to unpack .../1-libpython3.8-stdlib_3.8.10-0ubuntu1~20.04.8_amd64.deb ...
Unpacking libpython3.8-stdlib:amd64 (3.8.10-0ubuntu1~20.04.8) over (3.8.10-0ubuntu1~20.04.2) ...
Preparing to unpack .../2-python3.8-minimal_3.8.10-0ubuntu1~20.04.8_amd64.deb ...
Unpacking python3.8-minimal (3.8.10-0ubuntu1~20.04.8) over (3.8.10-0ubuntu1~20.04.2) ...
Preparing to unpack .../3-libpython3.8-minimal_3.8.10-0ubuntu1~20.04.8_amd64.deb ...
Unpacking libpython3.8-minimal:amd64 (3.8.10-0ubuntu1~20.04.8) over (3.8.10-0ubuntu1~20.04.2) ...
Preparing to unpack .../4-libexpat1_2.2.9-1ubuntu0.6_amd64.deb ...
Unpacking libexpat1:amd64 (2.2.9-1ubuntu0.6) over (2.2.9-1build1) ...
Preparing to unpack .../5-zlib1g_1%3a1.2.11.dfsg-2ubuntu1.5_amd64.deb ...
Unpacking zlib1g:amd64 (1:1.2.11.dfsg-2ubuntu1.5) over (1:1.2.11.dfsg-2ubuntu1.2) ...
Setting up zlib1g:amd64 (1:1.2.11.dfsg-2ubuntu1.5) ...
Selecting previously unselected package manpages.
(Reading database ... 52490 files and directories currently installed.)
Preparing to unpack .../00-manpages_5.05-1_all.deb ...
Unpacking manpages (5.05-1) ...
Selecting previously unselected package binutils-common:amd64.
Preparing to unpack .../01-binutils-common_2.34-6ubuntu1.6_amd64.deb ...
Unpacking binutils-common:amd64 (2.34-6ubuntu1.6) ...
Selecting previously unselected package libbinutils:amd64.
Preparing to unpack .../02-libbinutils_2.34-6ubuntu1.6_amd64.deb ...
Unpacking libbinutils:amd64 (2.34-6ubuntu1.6) ...
Selecting previously unselected package libctf-nobfd0:amd64.
Preparing to unpack .../03-libctf-nobfd0_2.34-6ubuntu1.6_amd64.deb ...
Unpacking libctf-nobfd0:amd64 (2.34-6ubuntu1.6) ...
Selecting previously unselected package libctf0:amd64.
Preparing to unpack .../04-libctf0_2.34-6ubuntu1.6_amd64.deb ...
Unpacking libctf0:amd64 (2.34-6ubuntu1.6) ...
Selecting previously unselected package binutils-x86-64-linux-gnu.
Preparing to unpack .../05-binutils-x86-64-linux-gnu_2.34-6ubuntu1.6_amd64.deb ...
Unpacking binutils-x86-64-linux-gnu (2.34-6ubuntu1.6) ...
Selecting previously unselected package binutils.
Preparing to unpack .../06-binutils_2.34-6ubuntu1.6_amd64.deb ...
Unpacking binutils (2.34-6ubuntu1.6) ...
Selecting previously unselected package libc-dev-bin.
Preparing to unpack .../07-libc-dev-bin_2.31-0ubuntu9.12_amd64.deb ...
Unpacking libc-dev-bin (2.31-0ubuntu9.12) ...
Selecting previously unselected package linux-libc-dev:amd64.
Preparing to unpack .../08-linux-libc-dev_5.4.0-166.183_amd64.deb ...
Unpacking linux-libc-dev:amd64 (5.4.0-166.183) ...
Selecting previously unselected package libcrypt-dev:amd64.
Preparing to unpack .../09-libcrypt-dev_1%3a4.4.10-10ubuntu4_amd64.deb ...
Unpacking libcrypt-dev:amd64 (1:4.4.10-10ubuntu4) ...
Selecting previously unselected package libc6-dev:amd64.
Preparing to unpack .../10-libc6-dev_2.31-0ubuntu9.12_amd64.deb ...
Unpacking libc6-dev:amd64 (2.31-0ubuntu9.12) ...
Selecting previously unselected package gcc-9-base:amd64.
Preparing to unpack .../11-gcc-9-base_9.4.0-1ubuntu1~20.04.2_amd64.deb ...
Unpacking gcc-9-base:amd64 (9.4.0-1ubuntu1~20.04.2) ...
Selecting previously unselected package libisl22:amd64.
Preparing to unpack .../12-libisl22_0.22.1-1_amd64.deb ...
Unpacking libisl22:amd64 (0.22.1-1) ...
Selecting previously unselected package libmpc3:amd64.
Preparing to unpack .../13-libmpc3_1.1.0-1_amd64.deb ...
Unpacking libmpc3:amd64 (1.1.0-1) ...
Selecting previously unselected package cpp-9.
Preparing to unpack .../14-cpp-9_9.4.0-1ubuntu1~20.04.2_amd64.deb ...
Unpacking cpp-9 (9.4.0-1ubuntu1~20.04.2) ...
Selecting previously unselected package cpp.
Preparing to unpack .../15-cpp_4%3a9.3.0-1ubuntu2_amd64.deb ...
Unpacking cpp (4:9.3.0-1ubuntu2) ...
Selecting previously unselected package libcc1-0:amd64.
Preparing to unpack .../16-libcc1-0_10.5.0-1ubuntu1~20.04_amd64.deb ...
Unpacking libcc1-0:amd64 (10.5.0-1ubuntu1~20.04) ...
Selecting previously unselected package libgomp1:amd64.
Preparing to unpack .../17-libgomp1_10.5.0-1ubuntu1~20.04_amd64.deb ...
Unpacking libgomp1:amd64 (10.5.0-1ubuntu1~20.04) ...
Selecting previously unselected package libitm1:amd64.
Preparing to unpack .../18-libitm1_10.5.0-1ubuntu1~20.04_amd64.deb ...
Unpacking libitm1:amd64 (10.5.0-1ubuntu1~20.04) ...
Selecting previously unselected package libatomic1:amd64.
Preparing to unpack .../19-libatomic1_10.5.0-1ubuntu1~20.04_amd64.deb ...
Unpacking libatomic1:amd64 (10.5.0-1ubuntu1~20.04) ...
Selecting previously unselected package libasan5:amd64.
Preparing to unpack .../20-libasan5_9.4.0-1ubuntu1~20.04.2_amd64.deb ...
Unpacking libasan5:amd64 (9.4.0-1ubuntu1~20.04.2) ...
Selecting previously unselected package liblsan0:amd64.
Preparing to unpack .../21-liblsan0_10.5.0-1ubuntu1~20.04_amd64.deb ...
Unpacking liblsan0:amd64 (10.5.0-1ubuntu1~20.04) ...
Selecting previously unselected package libtsan0:amd64.
Preparing to unpack .../22-libtsan0_10.5.0-1ubuntu1~20.04_amd64.deb ...
Unpacking libtsan0:amd64 (10.5.0-1ubuntu1~20.04) ...
Selecting previously unselected package libubsan1:amd64.
Preparing to unpack .../23-libubsan1_10.5.0-1ubuntu1~20.04_amd64.deb ...
Unpacking libubsan1:amd64 (10.5.0-1ubuntu1~20.04) ...
Selecting previously unselected package libquadmath0:amd64.
Preparing to unpack .../24-libquadmath0_10.5.0-1ubuntu1~20.04_amd64.deb ...
Unpacking libquadmath0:amd64 (10.5.0-1ubuntu1~20.04) ...
Selecting previously unselected package libgcc-9-dev:amd64.
Preparing to unpack .../25-libgcc-9-dev_9.4.0-1ubuntu1~20.04.2_amd64.deb ...
Unpacking libgcc-9-dev:amd64 (9.4.0-1ubuntu1~20.04.2) ...
Selecting previously unselected package gcc-9.
Preparing to unpack .../26-gcc-9_9.4.0-1ubuntu1~20.04.2_amd64.deb ...
Unpacking gcc-9 (9.4.0-1ubuntu1~20.04.2) ...
Selecting previously unselected package gcc.
Preparing to unpack .../27-gcc_4%3a9.3.0-1ubuntu2_amd64.deb ...
Unpacking gcc (4:9.3.0-1ubuntu2) ...
Selecting previously unselected package libstdc++-9-dev:amd64.
Preparing to unpack .../28-libstdc++-9-dev_9.4.0-1ubuntu1~20.04.2_amd64.deb ...
Unpacking libstdc++-9-dev:amd64 (9.4.0-1ubuntu1~20.04.2) ...
Selecting previously unselected package g++-9.
Preparing to unpack .../29-g++-9_9.4.0-1ubuntu1~20.04.2_amd64.deb ...
Unpacking g++-9 (9.4.0-1ubuntu1~20.04.2) ...
Selecting previously unselected package g++.
Preparing to unpack .../30-g++_4%3a9.3.0-1ubuntu2_amd64.deb ...
Unpacking g++ (4:9.3.0-1ubuntu2) ...
Selecting previously unselected package make.
Preparing to unpack .../31-make_4.2.1-1.2_amd64.deb ...
Unpacking make (4.2.1-1.2) ...
Selecting previously unselected package libdpkg-perl.
Preparing to unpack .../32-libdpkg-perl_1.19.7ubuntu3.2_all.deb ...
Unpacking libdpkg-perl (1.19.7ubuntu3.2) ...
Selecting previously unselected package dpkg-dev.
Preparing to unpack .../33-dpkg-dev_1.19.7ubuntu3.2_all.deb ...
Unpacking dpkg-dev (1.19.7ubuntu3.2) ...
Selecting previously unselected package build-essential.
Preparing to unpack .../34-build-essential_12.8ubuntu1.1_amd64.deb ...
Unpacking build-essential (12.8ubuntu1.1) ...
Selecting previously unselected package libfakeroot:amd64.
Preparing to unpack .../35-libfakeroot_1.24-1_amd64.deb ...
Unpacking libfakeroot:amd64 (1.24-1) ...
Selecting previously unselected package fakeroot.
Preparing to unpack .../36-fakeroot_1.24-1_amd64.deb ...
Unpacking fakeroot (1.24-1) ...
Selecting previously unselected package libalgorithm-diff-perl.
Preparing to unpack .../37-libalgorithm-diff-perl_1.19.03-2_all.deb ...
Unpacking libalgorithm-diff-perl (1.19.03-2) ...
Selecting previously unselected package libalgorithm-diff-xs-perl.
Preparing to unpack .../38-libalgorithm-diff-xs-perl_0.04-6_amd64.deb ...
Unpacking libalgorithm-diff-xs-perl (0.04-6) ...
Selecting previously unselected package libalgorithm-merge-perl.
Preparing to unpack .../39-libalgorithm-merge-perl_0.08-3_all.deb ...
Unpacking libalgorithm-merge-perl (0.08-3) ...
Selecting previously unselected package libexpat1-dev:amd64.
Preparing to unpack .../40-libexpat1-dev_2.2.9-1ubuntu0.6_amd64.deb ...
Unpacking libexpat1-dev:amd64 (2.2.9-1ubuntu0.6) ...
Selecting previously unselected package libfile-fcntllock-perl.
Preparing to unpack .../41-libfile-fcntllock-perl_0.22-3build4_amd64.deb ...
Unpacking libfile-fcntllock-perl (0.22-3build4) ...
Selecting previously unselected package libpython3.8:amd64.
Preparing to unpack .../42-libpython3.8_3.8.10-0ubuntu1~20.04.8_amd64.deb ...
Unpacking libpython3.8:amd64 (3.8.10-0ubuntu1~20.04.8) ...
Selecting previously unselected package libpython3.8-dev:amd64.
Preparing to unpack .../43-libpython3.8-dev_3.8.10-0ubuntu1~20.04.8_amd64.deb ...
Unpacking libpython3.8-dev:amd64 (3.8.10-0ubuntu1~20.04.8) ...
Selecting previously unselected package libpython3-dev:amd64.
Preparing to unpack .../44-libpython3-dev_3.8.2-0ubuntu2_amd64.deb ...
Unpacking libpython3-dev:amd64 (3.8.2-0ubuntu2) ...
Selecting previously unselected package manpages-dev.
Preparing to unpack .../45-manpages-dev_5.05-1_all.deb ...
Unpacking manpages-dev (5.05-1) ...
Selecting previously unselected package python-pip-whl.
Preparing to unpack .../46-python-pip-whl_20.0.2-5ubuntu1.9_all.deb ...
Unpacking python-pip-whl (20.0.2-5ubuntu1.9) ...
Selecting previously unselected package zlib1g-dev:amd64.
Preparing to unpack .../47-zlib1g-dev_1%3a1.2.11.dfsg-2ubuntu1.5_amd64.deb ...
Unpacking zlib1g-dev:amd64 (1:1.2.11.dfsg-2ubuntu1.5) ...
Selecting previously unselected package python3.8-dev.
Preparing to unpack .../48-python3.8-dev_3.8.10-0ubuntu1~20.04.8_amd64.deb ...
Unpacking python3.8-dev (3.8.10-0ubuntu1~20.04.8) ...
Selecting previously unselected package python3-dev.
Preparing to unpack .../49-python3-dev_3.8.2-0ubuntu2_amd64.deb ...
Unpacking python3-dev (3.8.2-0ubuntu2) ...
Selecting previously unselected package python3-wheel.
Preparing to unpack .../50-python3-wheel_0.34.2-1ubuntu0.1_all.deb ...
Unpacking python3-wheel (0.34.2-1ubuntu0.1) ...
Selecting previously unselected package python3-pip.
Preparing to unpack .../51-python3-pip_20.0.2-5ubuntu1.9_all.deb ...
Unpacking python3-pip (20.0.2-5ubuntu1.9) ...
Setting up libexpat1:amd64 (2.2.9-1ubuntu0.6) ...
Setting up libpython3.8-minimal:amd64 (3.8.10-0ubuntu1~20.04.8) ...
Setting up libfile-fcntllock-perl (0.22-3build4) ...
Setting up libalgorithm-diff-perl (1.19.03-2) ...
Setting up manpages (5.05-1) ...
Setting up binutils-common:amd64 (2.34-6ubuntu1.6) ...
Setting up linux-libc-dev:amd64 (5.4.0-166.183) ...
Setting up libctf-nobfd0:amd64 (2.34-6ubuntu1.6) ...
Setting up libgomp1:amd64 (10.5.0-1ubuntu1~20.04) ...
Setting up python3-wheel (0.34.2-1ubuntu0.1) ...
Setting up libfakeroot:amd64 (1.24-1) ...
Setting up fakeroot (1.24-1) ...
update-alternatives: using /usr/bin/fakeroot-sysv to provide /usr/bin/fakeroot (fakeroot) in auto mode
update-alternatives: warning: skip creation of /usr/share/man/man1/fakeroot.1.gz because associated file /usr/share/man/man1/fakeroot-sysv.1.gz (of link group fakeroot) doesn't exist
update-alternatives: warning: skip creation of /usr/share/man/man1/faked.1.gz because associated file /usr/share/man/man1/faked-sysv.1.gz (of link group fakeroot) doesn't exist
update-alternatives: warning: skip creation of /usr/share/man/es/man1/fakeroot.1.gz because associated file /usr/share/man/es/man1/fakeroot-sysv.1.gz (of link group fakeroot) doesn't exist
update-alternatives: warning: skip creation of /usr/share/man/es/man1/faked.1.gz because associated file /usr/share/man/es/man1/faked-sysv.1.gz (of link group fakeroot) doesn't exist
update-alternatives: warning: skip creation of /usr/share/man/fr/man1/fakeroot.1.gz because associated file /usr/share/man/fr/man1/fakeroot-sysv.1.gz (of link group fakeroot) doesn't exist
update-alternatives: warning: skip creation of /usr/share/man/fr/man1/faked.1.gz because associated file /usr/share/man/fr/man1/faked-sysv.1.gz (of link group fakeroot) doesn't exist
update-alternatives: warning: skip creation of /usr/share/man/sv/man1/fakeroot.1.gz because associated file /usr/share/man/sv/man1/fakeroot-sysv.1.gz (of link group fakeroot) doesn't exist
update-alternatives: warning: skip creation of /usr/share/man/sv/man1/faked.1.gz because associated file /usr/share/man/sv/man1/faked-sysv.1.gz (of link group fakeroot) doesn't exist
Setting up make (4.2.1-1.2) ...
Setting up libquadmath0:amd64 (10.5.0-1ubuntu1~20.04) ...
Setting up libmpc3:amd64 (1.1.0-1) ...
Setting up libatomic1:amd64 (10.5.0-1ubuntu1~20.04) ...
Setting up libdpkg-perl (1.19.7ubuntu3.2) ...
Setting up libubsan1:amd64 (10.5.0-1ubuntu1~20.04) ...
Setting up python3.8-minimal (3.8.10-0ubuntu1~20.04.8) ...
Setting up libcrypt-dev:amd64 (1:4.4.10-10ubuntu4) ...
Setting up libisl22:amd64 (0.22.1-1) ...
Setting up python-pip-whl (20.0.2-5ubuntu1.9) ...
Setting up libbinutils:amd64 (2.34-6ubuntu1.6) ...
Setting up libpython3.8-stdlib:amd64 (3.8.10-0ubuntu1~20.04.8) ...
Setting up libc-dev-bin (2.31-0ubuntu9.12) ...
Setting up python3.8 (3.8.10-0ubuntu1~20.04.8) ...
Setting up libalgorithm-diff-xs-perl (0.04-6) ...
Setting up libcc1-0:amd64 (10.5.0-1ubuntu1~20.04) ...
Setting up liblsan0:amd64 (10.5.0-1ubuntu1~20.04) ...
Setting up libitm1:amd64 (10.5.0-1ubuntu1~20.04) ...
Setting up gcc-9-base:amd64 (9.4.0-1ubuntu1~20.04.2) ...
Setting up libalgorithm-merge-perl (0.08-3) ...
Setting up libtsan0:amd64 (10.5.0-1ubuntu1~20.04) ...
Setting up libctf0:amd64 (2.34-6ubuntu1.6) ...
Setting up manpages-dev (5.05-1) ...
Setting up libasan5:amd64 (9.4.0-1ubuntu1~20.04.2) ...
Setting up libpython3.8:amd64 (3.8.10-0ubuntu1~20.04.8) ...
Setting up python3-pip (20.0.2-5ubuntu1.9) ...
Setting up cpp-9 (9.4.0-1ubuntu1~20.04.2) ...
Setting up libc6-dev:amd64 (2.31-0ubuntu9.12) ...
Setting up binutils-x86-64-linux-gnu (2.34-6ubuntu1.6) ...
Setting up binutils (2.34-6ubuntu1.6) ...
Setting up dpkg-dev (1.19.7ubuntu3.2) ...
Setting up libgcc-9-dev:amd64 (9.4.0-1ubuntu1~20.04.2) ...
Setting up libexpat1-dev:amd64 (2.2.9-1ubuntu0.6) ...
Setting up libpython3.8-dev:amd64 (3.8.10-0ubuntu1~20.04.8) ...
Setting up zlib1g-dev:amd64 (1:1.2.11.dfsg-2ubuntu1.5) ...
Setting up cpp (4:9.3.0-1ubuntu2) ...
Setting up gcc-9 (9.4.0-1ubuntu1~20.04.2) ...
Setting up libpython3-dev:amd64 (3.8.2-0ubuntu2) ...
Setting up libstdc++-9-dev:amd64 (9.4.0-1ubuntu1~20.04.2) ...
Setting up gcc (4:9.3.0-1ubuntu2) ...
Setting up g++-9 (9.4.0-1ubuntu1~20.04.2) ...
Setting up python3.8-dev (3.8.10-0ubuntu1~20.04.8) ...
Setting up g++ (4:9.3.0-1ubuntu2) ...
update-alternatives: using /usr/bin/g++ to provide /usr/bin/c++ (c++) in auto mode
update-alternatives: warning: skip creation of /usr/share/man/man1/c++.1.gz because associated file /usr/share/man/man1/g++.1.gz (of link group c++) doesn't exist
Setting up build-essential (12.8ubuntu1.1) ...
Setting up python3-dev (3.8.2-0ubuntu2) ...
Processing triggers for libc-bin (2.31-0ubuntu9.2) ...
Processing triggers for mime-support (3.64ubuntu1) ...
root@linuxtips-server:~/giropops-senhas# pip install --no-cache-dir -r requirements.txt
Collecting Flask==2.1.1
  Downloading Flask-2.1.1-py3-none-any.whl (95 kB)
     |████████████████████████████████| 95 kB 16.0 MB/s 
Collecting redis==4.5.2
  Downloading redis-4.5.2-py3-none-any.whl (238 kB)
     |████████████████████████████████| 238 kB 63.5 MB/s 
Collecting prometheus-client==0.16.0
  Downloading prometheus_client-0.16.0-py3-none-any.whl (122 kB)
     |████████████████████████████████| 122 kB 71.7 MB/s 
Collecting click>=8.0
  Downloading click-8.1.7-py3-none-any.whl (97 kB)
     |████████████████████████████████| 97 kB 65.0 MB/s 
Collecting itsdangerous>=2.0
  Downloading itsdangerous-2.1.2-py3-none-any.whl (15 kB)
Collecting importlib-metadata>=3.6.0; python_version < "3.10"
  Downloading importlib_metadata-6.8.0-py3-none-any.whl (22 kB)
Collecting Jinja2>=3.0
  Downloading Jinja2-3.1.2-py3-none-any.whl (133 kB)
     |████████████████████████████████| 133 kB 78.1 MB/s 
Collecting Werkzeug>=2.0
  Downloading werkzeug-3.0.1-py3-none-any.whl (226 kB)
     |████████████████████████████████| 226 kB 75.8 MB/s 
Collecting async-timeout>=4.0.2; python_version < "3.11"
  Downloading async_timeout-4.0.3-py3-none-any.whl (5.7 kB)
Requirement already satisfied: zipp>=0.5 in /usr/lib/python3/dist-packages (from importlib-metadata>=3.6.0; python_version < "3.10"->Flask==2.1.1->-r requirements.txt (line 1)) (1.0.0)
Collecting MarkupSafe>=2.0
  Downloading MarkupSafe-2.1.3-cp38-cp38-manylinux_2_17_x86_64.manylinux2014_x86_64.whl (25 kB)
Installing collected packages: click, itsdangerous, importlib-metadata, MarkupSafe, Jinja2, Werkzeug, Flask, async-timeout, redis, prometheus-client
  Attempting uninstall: importlib-metadata
    Found existing installation: importlib-metadata 1.5.0
    Not uninstalling importlib-metadata at /usr/lib/python3/dist-packages, outside environment /usr
    Can't uninstall 'importlib-metadata'. No files were found to uninstall.
  Attempting uninstall: MarkupSafe
    Found existing installation: MarkupSafe 1.1.0
    Not uninstalling markupsafe at /usr/lib/python3/dist-packages, outside environment /usr
    Can't uninstall 'MarkupSafe'. No files were found to uninstall.
  Attempting uninstall: Jinja2
    Found existing installation: Jinja2 2.10.1
    Not uninstalling jinja2 at /usr/lib/python3/dist-packages, outside environment /usr
    Can't uninstall 'Jinja2'. No files were found to uninstall.
Successfully installed Flask-2.1.1 Jinja2-3.1.2 MarkupSafe-2.1.3 Werkzeug-3.0.1 async-timeout-4.0.3 click-8.1.7 importlib-metadata-6.8.0 itsdangerous-2.1.2 prometheus-client-0.16.0 redis-4.5.2
root@linuxtips-server:~/giropops-senhas# apt-get install redis
Reading package lists... Done
Building dependency tree       
Reading state information... Done
The following additional packages will be installed:
  libhiredis0.14 libjemalloc2 liblua5.1-0 lua-bitop lua-cjson redis-server redis-tools
Suggested packages:
  ruby-redis
The following NEW packages will be installed:
  libhiredis0.14 libjemalloc2 liblua5.1-0 lua-bitop lua-cjson redis redis-server redis-tools
0 upgraded, 8 newly installed, 0 to remove and 194 not upgraded.
Need to get 918 kB of archives.
After this operation, 4140 kB of additional disk space will be used.
Do you want to continue? [Y/n] y
Get:1 http://europe-west1.gce.archive.ubuntu.com/ubuntu focal/universe amd64 libhiredis0.14 amd64 0.14.0-6 [30.2 kB]
Get:2 http://europe-west1.gce.archive.ubuntu.com/ubuntu focal/universe amd64 libjemalloc2 amd64 5.2.1-1ubuntu1 [235 kB]
Get:3 http://europe-west1.gce.archive.ubuntu.com/ubuntu focal/universe amd64 liblua5.1-0 amd64 5.1.5-8.1build4 [99.9 kB]
Get:4 http://europe-west1.gce.archive.ubuntu.com/ubuntu focal/universe amd64 lua-bitop amd64 1.0.2-5 [6680 B]
Get:5 http://europe-west1.gce.archive.ubuntu.com/ubuntu focal/universe amd64 lua-cjson amd64 2.1.0+dfsg-2.1 [17.4 kB]
Get:6 http://europe-west1.gce.archive.ubuntu.com/ubuntu focal-updates/universe amd64 redis-tools amd64 5:5.0.7-2ubuntu0.1 [489 kB]
Get:7 http://europe-west1.gce.archive.ubuntu.com/ubuntu focal-updates/universe amd64 redis-server amd64 5:5.0.7-2ubuntu0.1 [37.4 kB]
Get:8 http://europe-west1.gce.archive.ubuntu.com/ubuntu focal-updates/universe amd64 redis all 5:5.0.7-2ubuntu0.1 [3064 B]
Fetched 918 kB in 0s (16.1 MB/s)
debconf: delaying package configuration, since apt-utils is not installed
Selecting previously unselected package libhiredis0.14:amd64.
(Reading database ... 58883 files and directories currently installed.)
Preparing to unpack .../0-libhiredis0.14_0.14.0-6_amd64.deb ...
Unpacking libhiredis0.14:amd64 (0.14.0-6) ...
Selecting previously unselected package libjemalloc2:amd64.
Preparing to unpack .../1-libjemalloc2_5.2.1-1ubuntu1_amd64.deb ...
Unpacking libjemalloc2:amd64 (5.2.1-1ubuntu1) ...
Selecting previously unselected package liblua5.1-0:amd64.
Preparing to unpack .../2-liblua5.1-0_5.1.5-8.1build4_amd64.deb ...
Unpacking liblua5.1-0:amd64 (5.1.5-8.1build4) ...
Selecting previously unselected package lua-bitop:amd64.
Preparing to unpack .../3-lua-bitop_1.0.2-5_amd64.deb ...
Unpacking lua-bitop:amd64 (1.0.2-5) ...
Selecting previously unselected package lua-cjson:amd64.
Preparing to unpack .../4-lua-cjson_2.1.0+dfsg-2.1_amd64.deb ...
Unpacking lua-cjson:amd64 (2.1.0+dfsg-2.1) ...
Selecting previously unselected package redis-tools.
Preparing to unpack .../5-redis-tools_5%3a5.0.7-2ubuntu0.1_amd64.deb ...
Unpacking redis-tools (5:5.0.7-2ubuntu0.1) ...
Selecting previously unselected package redis-server.
Preparing to unpack .../6-redis-server_5%3a5.0.7-2ubuntu0.1_amd64.deb ...
Unpacking redis-server (5:5.0.7-2ubuntu0.1) ...
Selecting previously unselected package redis.
Preparing to unpack .../7-redis_5%3a5.0.7-2ubuntu0.1_all.deb ...
Unpacking redis (5:5.0.7-2ubuntu0.1) ...
Setting up libjemalloc2:amd64 (5.2.1-1ubuntu1) ...
Setting up lua-cjson:amd64 (2.1.0+dfsg-2.1) ...
Setting up lua-bitop:amd64 (1.0.2-5) ...
Setting up liblua5.1-0:amd64 (5.1.5-8.1build4) ...
Setting up libhiredis0.14:amd64 (0.14.0-6) ...
Setting up redis-tools (5:5.0.7-2ubuntu0.1) ...
Setting up redis-server (5:5.0.7-2ubuntu0.1) ...
Created symlink /etc/systemd/system/redis.service → /lib/systemd/system/redis-server.service.
Created symlink /etc/systemd/system/multi-user.target.wants/redis-server.service → /lib/systemd/system/redis-server.service.
Setting up redis (5:5.0.7-2ubuntu0.1) ...
Processing triggers for systemd (245.4-4ubuntu3.13) ...
Processing triggers for libc-bin (2.31-0ubuntu9.2) ...
root@linuxtips-server:~/giropops-senhas# systemctl status redis
● redis-server.service - Advanced key-value store
     Loaded: loaded (/lib/systemd/system/redis-server.service; enabled; vendor preset: enabled)
     Active: active (running) since Tue 2023-11-14 01:45:26 UTC; 6s ago
       Docs: http://redis.io/documentation,
             man:redis-server(1)
   Main PID: 3346 (redis-server)
      Tasks: 4 (limit: 2367)
     Memory: 1.8M
     CGroup: /system.slice/redis-server.service
             └─3346 /usr/bin/redis-server 127.0.0.1:6379

Nov 14 01:45:26 linuxtips-server systemd[1]: Starting Advanced key-value store...
Nov 14 01:45:26 linuxtips-server systemd[1]: Started Advanced key-value store.
root@linuxtips-server:~/giropops-senhas# export REDIS_HOST=localhost
root@linuxtips-server:~/giropops-senhas# flask run --host=0.0.0.0
Traceback (most recent call last):
  File "/usr/local/bin/flask", line 5, in <module>
    from flask.cli import main
  File "/usr/local/lib/python3.8/dist-packages/flask/__init__.py", line 7, in <module>
    from .app import Flask as Flask
  File "/usr/local/lib/python3.8/dist-packages/flask/app.py", line 27, in <module>
    from . import cli
  File "/usr/local/lib/python3.8/dist-packages/flask/cli.py", line 17, in <module>
    from .helpers import get_debug_flag
  File "/usr/local/lib/python3.8/dist-packages/flask/helpers.py", line 14, in <module>
    from werkzeug.urls import url_quote
ImportError: cannot import name 'url_quote' from 'werkzeug.urls' (/usr/local/lib/python3.8/dist-packages/werkzeug/urls.py)
root@linuxtips-server:~/giropops-senhas# systemctl start redis
root@linuxtips-server:~/giropops-senhas# systemctl status redis
● redis-server.service - Advanced key-value store
     Loaded: loaded (/lib/systemd/system/redis-server.service; enabled; vendor preset: enabled)
     Active: active (running) since Tue 2023-11-14 01:45:26 UTC; 2min 25s ago
       Docs: http://redis.io/documentation,
             man:redis-server(1)
   Main PID: 3346 (redis-server)
      Tasks: 4 (limit: 2367)
     Memory: 1.8M
     CGroup: /system.slice/redis-server.service
             └─3346 /usr/bin/redis-server 127.0.0.1:6379

Nov 14 01:45:26 linuxtips-server systemd[1]: Starting Advanced key-value store...
Nov 14 01:45:26 linuxtips-server systemd[1]: Started Advanced key-value store.
root@linuxtips-server:~/giropops-senhas# flask run --host=0.0.0.0
Traceback (most recent call last):
  File "/usr/local/bin/flask", line 5, in <module>
    from flask.cli import main
  File "/usr/local/lib/python3.8/dist-packages/flask/__init__.py", line 7, in <module>
    from .app import Flask as Flask
  File "/usr/local/lib/python3.8/dist-packages/flask/app.py", line 27, in <module>
    from . import cli
  File "/usr/local/lib/python3.8/dist-packages/flask/cli.py", line 17, in <module>
    from .helpers import get_debug_flag
  File "/usr/local/lib/python3.8/dist-packages/flask/helpers.py", line 14, in <module>
    from werkzeug.urls import url_quote
ImportError: cannot import name 'url_quote' from 'werkzeug.urls' (/usr/local/lib/python3.8/dist-packages/werkzeug/urls.py)
root@linuxtips-server:~/giropops-senhas# pip install -U Werkzeug
Requirement already up-to-date: Werkzeug in /usr/local/lib/python3.8/dist-packages (3.0.1)
Requirement already satisfied, skipping upgrade: MarkupSafe>=2.1.1 in /usr/local/lib/python3.8/dist-packages (from Werkzeug) (2.1.3)
root@linuxtips-server:~/giropops-senhas# flask run --host=0.0.0.0
Traceback (most recent call last):
  File "/usr/local/bin/flask", line 5, in <module>
    from flask.cli import main
  File "/usr/local/lib/python3.8/dist-packages/flask/__init__.py", line 7, in <module>
    from .app import Flask as Flask
  File "/usr/local/lib/python3.8/dist-packages/flask/app.py", line 27, in <module>
    from . import cli
  File "/usr/local/lib/python3.8/dist-packages/flask/cli.py", line 17, in <module>
    from .helpers import get_debug_flag
  File "/usr/local/lib/python3.8/dist-packages/flask/helpers.py", line 14, in <module>
    from werkzeug.urls import url_quote
ImportError: cannot import name 'url_quote' from 'werkzeug.urls' (/usr/local/lib/python3.8/dist-packages/werkzeug/urls.py)
root@linuxtips-server:~/giropops-senhas# l
LICENSE  app.py  requirements.txt  static/  tailwind.config.js  templates/
root@linuxtips-server:~/giropops-senhas# cat requirements.txt
Flask==2.1.1
redis==4.5.2
prometheus-client==0.16.0root@linuxtips-server:~/giropops-senhas# sudo nano requirements.txt 
sudo: nano: command not found
root@linuxtips-server:~/giropops-senhas# sudo nano requirements.txt
sudo: nano: command not found
root@linuxtips-server:~/giropops-senhas# vim requirements.txt
bash: vim: command not found
root@linuxtips-server:~/giropops-senhas# vi requirements.txt
bash: vi: command not found
root@linuxtips-server:~/giropops-senhas# vim requirements.txt
bash: vim: command not found
root@linuxtips-server:~/giropops-senhas# apt-get install nano
Reading package lists... Done
Building dependency tree       
Reading state information... Done
Suggested packages:
  hunspell
The following NEW packages will be installed:
  nano
0 upgraded, 1 newly installed, 0 to remove and 194 not upgraded.
Need to get 269 kB of archives.
After this operation, 868 kB of additional disk space will be used.
Get:1 http://europe-west1.gce.archive.ubuntu.com/ubuntu focal/main amd64 nano amd64 4.8-1ubuntu1 [269 kB]
Fetched 269 kB in 0s (10.3 MB/s)
debconf: delaying package configuration, since apt-utils is not installed
Selecting previously unselected package nano.
(Reading database ... 58969 files and directories currently installed.)
Preparing to unpack .../nano_4.8-1ubuntu1_amd64.deb ...
Unpacking nano (4.8-1ubuntu1) ...
Setting up nano (4.8-1ubuntu1) ...
update-alternatives: using /bin/nano to provide /usr/bin/editor (editor) in auto mode
update-alternatives: warning: skip creation of /usr/share/man/man1/editor.1.gz because associated file /usr/share/man/man1/nano.1.gz (of link group editor) doesn't exist
update-alternatives: using /bin/nano to provide /usr/bin/pico (pico) in auto mode
update-alternatives: warning: skip creation of /usr/share/man/man1/pico.1.gz because associated file /us
root@linuxtips-server:~/giropops-senhas# flask run --host=0.0.0.0
 * Environment: production
   WARNING: This is a development server. Do not use it in a production deployment.
   Use a production WSGI server instead.
 * Debug mode: off
WARNING: This is a development server. Do not use it in a production deployment. Use a production WSGI server instead.
 * Running on all addresses (0.0.0.0)
 * Running on http://127.0.0.1:5000
 * Running on http://10.5.0.200:5000
Press CTRL+C to quitex
